ðŸŒŸ This was machine generated.  Do not edit. ðŸŒŸ

Frame[0] {
    "executedQueryString": "Expr: query1"
}
Name: {level="error", location="moon"}
Dimensions: 3 Fields by 1 Rows
+----------------------------------------+------------------------------------+---------------------+
| Name: time                             | Name: value                        | Name: tsNs          |
| Labels:                                | Labels: level=error, location=moon | Labels:             |
| Type: []time.Time                      | Type: []string                     | Type: []string      |
+----------------------------------------+------------------------------------+---------------------+
| 2022-02-16 16:50:44.81075712 +0000 UTC | log line error 1                   | 1645030244810757120 |
+----------------------------------------+------------------------------------+---------------------+



Frame[1] {
    "executedQueryString": "Expr: query1"
}
Name: {level="info", location="moon"}
Dimensions: 3 Fields by 4 Rows
+-----------------------------------------+-----------------------------------+---------------------+
| Name: time                              | Name: value                       | Name: tsNs          |
| Labels:                                 | Labels: level=info, location=moon | Labels:             |
| Type: []time.Time                       | Type: []string                    | Type: []string      |
+-----------------------------------------+-----------------------------------+---------------------+
| 2022-02-16 16:50:47.02773504 +0000 UTC  | log line info 1                   | 1645030247027735040 |
| 2022-02-16 16:50:46.277587968 +0000 UTC | log line info 2                   | 1645030246277587968 |
| 2022-02-16 16:50:45.539423744 +0000 UTC | log line info 3                   | 1645030245539423744 |
| 2022-02-16 16:50:44.091700992 +0000 UTC | log line info 4                   | 1645030244091700992 |
+-----------------------------------------+-----------------------------------+---------------------+


====== TEST DATA RESPONSE (arrow base64) ======
FRAME=QVJST1cxAAD/////8AIAABAAAAAAAAoADgAMAAsABAAKAAAAFAAAAAAAAAEEAAoADAAAAAgABAAKAAAACAAAALgAAAADAAAAbAAAACgAAAAEAAAAoP3//wgAAAAMAAAAAAAAAAAAAAAFAAAAcmVmSWQAAADA/f//CAAAACwAAAAgAAAAe2xldmVsPSJlcnJvciIsIGxvY2F0aW9uPSJtb29uIn0AAAAABAAAAG5hbWUAAAAAAP7//wgAAAAwAAAAJgAAAHsiZXhlY3V0ZWRRdWVyeVN0cmluZyI6IkV4cHI6IHF1ZXJ5MSJ9AAAEAAAAbWV0YQAAAAADAAAAmAEAAIQAAAAEAAAAhv7//xQAAABgAAAAYAAAAAAAAAVcAAAAAgAAACwAAAAEAAAAeP7//wgAAAAQAAAABAAAAHRzTnMAAAAABAAAAG5hbWUAAAAAnP7//wgAAAAMAAAAAgAAAHt9AAAGAAAAbGFiZWxzAAAAAAAABP///wQAAAB0c05zAAAAAAL///8UAAAA4AAAAOQAAAAAAAAF4AAAAAMAAABwAAAALAAAAAQAAAD4/v//CAAAABAAAAAFAAAAdmFsdWUAAAAEAAAAbmFtZQAAAAAc////CAAAACwAAAAjAAAAeyJsZXZlbCI6ImVycm9yIiwibG9jYXRpb24iOiJtb29uIn0ABgAAAGxhYmVscwAAXP///wgAAABIAAAAPAAAAHsiZGlzcGxheU5hbWVGcm9tRFMiOiJ7bGV2ZWw9XCJlcnJvclwiLCBsb2NhdGlvbj1cIm1vb25cIn0ifQAAAAAGAAAAY29uZmlnAAAAAAAABAAEAAQAAAAFAAAAdmFsdWUAEgAYABQAAAATAAwAAAAIAAQAEgAAABQAAABEAAAATAAAAAAAAApMAAAAAQAAAAwAAAAIAAwACAAEAAgAAAAIAAAAEAAAAAQAAAB0aW1lAAAAAAQAAABuYW1lAAAAAAAAAAAAAAYACAAGAAYAAAAAAAMABAAAAHRpbWUAAAAA/////wgBAAAUAAAAAAAAAAwAFgAUABMADAAEAAwAAABAAAAAAAAAABQAAAAAAAADBAAKABgADAAIAAQACgAAABQAAACYAAAAAQAAAAAAAAAAAAAACAAAAAAAAAAAAAAAAAAAAAAAAAAAAAAAAAAAAAgAAAAAAAAACAAAAAAAAAAAAAAAAAAAAAgAAAAAAAAACAAAAAAAAAAQAAAAAAAAABAAAAAAAAAAIAAAAAAAAAAAAAAAAAAAACAAAAAAAAAACAAAAAAAAAAoAAAAAAAAABMAAAAAAAAAAAAAAAMAAAABAAAAAAAAAAAAAAAAAAAAAQAAAAAAAAAAAAAAAAAAAAEAAAAAAAAAAAAAAAAAAAAAFLi6SlLUFgAAAAAQAAAAbG9nIGxpbmUgZXJyb3IgMQAAAAATAAAAMTY0NTAzMDI0NDgxMDc1NzEyMAAAAAAAEAAAAAwAFAASAAwACAAEAAwAAAAQAAAALAAAADwAAAAAAAQAAQAAAAADAAAAAAAAEAEAAAAAAABAAAAAAAAAAAAAAAAAAAAAAAAAAAAACgAMAAAACAAEAAoAAAAIAAAAuAAAAAMAAABsAAAAKAAAAAQAAACg/f//CAAAAAwAAAAAAAAAAAAAAAUAAAByZWZJZAAAAMD9//8IAAAALAAAACAAAAB7bGV2ZWw9ImVycm9yIiwgbG9jYXRpb249Im1vb24ifQAAAAAEAAAAbmFtZQAAAAAA/v//CAAAADAAAAAmAAAAeyJleGVjdXRlZFF1ZXJ5U3RyaW5nIjoiRXhwcjogcXVlcnkxIn0AAAQAAABtZXRhAAAAAAMAAACYAQAAhAAAAAQAAACG/v//FAAAAGAAAABgAAAAAAAABVwAAAACAAAALAAAAAQAAAB4/v//CAAAABAAAAAEAAAAdHNOcwAAAAAEAAAAbmFtZQAAAACc/v//CAAAAAwAAAACAAAAe30AAAYAAABsYWJlbHMAAAAAAAAE////BAAAAHRzTnMAAAAAAv///xQAAADgAAAA5AAAAAAAAAXgAAAAAwAAAHAAAAAsAAAABAAAAPj+//8IAAAAEAAAAAUAAAB2YWx1ZQAAAAQAAABuYW1lAAAAABz///8IAAAALAAAACMAAAB7ImxldmVsIjoiZXJyb3IiLCJsb2NhdGlvbiI6Im1vb24ifQAGAAAAbGFiZWxzAABc////CAAAAEgAAAA8AAAAeyJkaXNwbGF5TmFtZUZyb21EUyI6IntsZXZlbD1cImVycm9yXCIsIGxvY2F0aW9uPVwibW9vblwifSJ9AAAAAAYAAABjb25maWcAAAAAAAAEAAQABAAAAAUAAAB2YWx1ZQASABgAFAAAABMADAAAAAgABAASAAAAFAAAAEQAAABMAAAAAAAACkwAAAABAAAADAAAAAgADAAIAAQACAAAAAgAAAAQAAAABAAAAHRpbWUAAAAABAAAAG5hbWUAAAAAAAAAAAAABgAIAAYABgAAAAAAAwAEAAAAdGltZQAAAAAgAwAAQVJST1cx
FRAME=QVJST1cxAAD/////6AIAABAAAAAAAAoADgAMAAsABAAKAAAAFAAAAAAAAAEEAAoADAAAAAgABAAKAAAACAAAALQAAAADAAAAaAAAACgAAAAEAAAAqP3//wgAAAAMAAAAAAAAAAAAAAAFAAAAcmVmSWQAAADI/f//CAAAACgAAAAfAAAAe2xldmVsPSJpbmZvIiwgbG9jYXRpb249Im1vb24ifQAEAAAAbmFtZQAAAAAE/v//CAAAADAAAAAmAAAAeyJleGVjdXRlZFF1ZXJ5U3RyaW5nIjoiRXhwcjogcXVlcnkxIn0AAAQAAABtZXRhAAAAAAMAAACUAQAAhAAAAAQAAACK/v//FAAAAGAAAABgAAAAAAAABVwAAAACAAAALAAAAAQAAAB8/v//CAAAABAAAAAEAAAAdHNOcwAAAAAEAAAAbmFtZQAAAACg/v//CAAAAAwAAAACAAAAe30AAAYAAABsYWJlbHMAAAAAAAAI////BAAAAHRzTnMAAAAABv///xQAAADcAAAA4AAAAAAAAAXcAAAAAwAAAHAAAAAsAAAABAAAAPz+//8IAAAAEAAAAAUAAAB2YWx1ZQAAAAQAAABuYW1lAAAAACD///8IAAAALAAAACIAAAB7ImxldmVsIjoiaW5mbyIsImxvY2F0aW9uIjoibW9vbiJ9AAAGAAAAbGFiZWxzAABg////CAAAAEQAAAA7AAAAeyJkaXNwbGF5TmFtZUZyb21EUyI6IntsZXZlbD1cImluZm9cIiwgbG9jYXRpb249XCJtb29uXCJ9In0ABgAAAGNvbmZpZwAAAAAAAAQABAAEAAAABQAAAHZhbHVlABIAGAAUAAAAEwAMAAAACAAEABIAAAAUAAAARAAAAEwAAAAAAAAKTAAAAAEAAAAMAAAACAAMAAgABAAIAAAACAAAABAAAAAEAAAAdGltZQAAAAAEAAAAbmFtZQAAAAAAAAAAAAAGAAgABgAGAAAAAAADAAQAAAB0aW1lAAAAAP////8IAQAAFAAAAAAAAAAMABYAFAATAAwABAAMAAAA4AAAAAAAAAAUAAAAAAAAAwQACgAYAAwACAAEAAoAAAAUAAAAmAAAAAQAAAAAAAAAAAAAAAgAAAAAAAAAAAAAAAAAAAAAAAAAAAAAAAAAAAAgAAAAAAAAACAAAAAAAAAAAAAAAAAAAAAgAAAAAAAAABQAAAAAAAAAOAAAAAAAAAA8AAAAAAAAAHgAAAAAAAAAAAAAAAAAAAB4AAAAAAAAABQAAAAAAAAAkAAAAAAAAABMAAAAAAAAAAAAAAADAAAABAAAAAAAAAAAAAAAAAAAAAQAAAAAAAAAAAAAAAAAAAAEAAAAAAAAAAAAAAAAAAAAAHrcPktS1BYAJCYSS1LUFgCmJuZKUtQWACfcj0pS1BYAAAAADwAAAB4AAAAtAAAAPAAAAAAAAABsb2cgbGluZSBpbmZvIDFsb2cgbGluZSBpbmZvIDJsb2cgbGluZSBpbmZvIDNsb2cgbGluZSBpbmZvIDQAAAAAAAAAABMAAAAmAAAAOQAAAEwAAAAAAAAAMTY0NTAzMDI0NzAyNzczNTA0MDE2NDUwMzAyNDYyNzc1ODc5NjgxNjQ1MDMwMjQ1NTM5NDIzNzQ0MTY0NTAzMDI0NDA5MTcwMDk5MgAAAAAQAAAADAAUABIADAAIAAQADAAAABAAAAAsAAAAPAAAAAAABAABAAAA+AIAAAAAAAAQAQAAAAAAAOAAAAAAAAAAAAAAAAAAAAAAAAAAAAAKAAwAAAAIAAQACgAAAAgAAAC0AAAAAwAAAGgAAAAoAAAABAAAAKj9//8IAAAADAAAAAAAAAAAAAAABQAAAHJlZklkAAAAyP3//wgAAAAoAAAAHwAAAHtsZXZlbD0iaW5mbyIsIGxvY2F0aW9uPSJtb29uIn0ABAAAAG5hbWUAAAAABP7//wgAAAAwAAAAJgAAAHsiZXhlY3V0ZWRRdWVyeVN0cmluZyI6IkV4cHI6IHF1ZXJ5MSJ9AAAEAAAAbWV0YQAAAAADAAAAlAEAAIQAAAAEAAAAiv7//xQAAABgAAAAYAAAAAAAAAVcAAAAAgAAACwAAAAEAAAAfP7//wgAAAAQAAAABAAAAHRzTnMAAAAABAAAAG5hbWUAAAAAoP7//wgAAAAMAAAAAgAAAHt9AAAGAAAAbGFiZWxzAAAAAAAACP///wQAAAB0c05zAAAAAAb///8UAAAA3AAAAOAAAAAAAAAF3AAAAAMAAABwAAAALAAAAAQAAAD8/v//CAAAABAAAAAFAAAAdmFsdWUAAAAEAAAAbmFtZQAAAAAg////CAAAACwAAAAiAAAAeyJsZXZlbCI6ImluZm8iLCJsb2NhdGlvbiI6Im1vb24ifQAABgAAAGxhYmVscwAAYP///wgAAABEAAAAOwAAAHsiZGlzcGxheU5hbWVGcm9tRFMiOiJ7bGV2ZWw9XCJpbmZvXCIsIGxvY2F0aW9uPVwibW9vblwifSJ9AAYAAABjb25maWcAAAAAAAAEAAQABAAAAAUAAAB2YWx1ZQASABgAFAAAABMADAAAAAgABAASAAAAFAAAAEQAAABMAAAAAAAACkwAAAABAAAADAAAAAgADAAIAAQACAAAAAgAAAAQAAAABAAAAHRpbWUAAAAABAAAAG5hbWUAAAAAAAAAAAAABgAIAAYABgAAAAAAAwAEAAAAdGltZQAAAAAYAwAAQVJST1cx
